// Jest Snapshot v1, https://goo.gl/fbAQLP

exports[`Search should render correctly 1`] = `
<div
  className="sc-AxirZ ktnnZK"
>
  <div
    className="sc-AxiKw faqseh"
  >
    <input
      autoComplete="off"
      className="sc-AxjAm kABhnn"
      name="text"
      onChange={[Function]}
      placeholder="Start typing to search ..."
    />
    <div
      className="custom-select-wrapper"
    >
      <div
        className="custom-select"
      >
        <div
          className="custom-select__trigger"
          onClick={[Function]}
        >
          <span>
            user
          </span>
          <div
            className="arrow"
          />
        </div>
        <div
          className="custom-options"
        >
          <span
            className="custom-option"
            data-value="user"
            onClick={[Function]}
          >
            Users
          </span>
          <span
            className="custom-option"
            data-value="repository"
            onClick={[Function]}
          >
            Repositories
          </span>
        </div>
      </div>
    </div>
  </div>
  <div
    style={
      Object {
        "color": "red",
        "margin": "4px",
        "textAlign": "center",
      }
    }
  />
</div>
`;
